// Jest Snapshot v1, https://goo.gl/fbAQLP

exports[`Divider renders correctly 1`] = `
<hr
  className="Divider__DividerElement-qfr82c-0 dJhULX"
/>
`;
